<html>
<body>
<pre>
<h1>�Vision Build Log</h1>
<h2>Tool Versions:</h2>
IDE-Version: ��Vision V5.35.0.0
Copyright (C) 2021 ARM Ltd and ARM Germany GmbH. All rights reserved.
License Information: Wu Yipeng, HUFT, LIC=585FJ-U4284-BSSYX-HCYFY-2YWSP-DAVZ6
 
Tool Versions:
Toolchain:       MDK-ARM Plus  Version: 5.35.0.2
Toolchain Path:  D:\keil\core\ARM\ARMCC\Bin
C Compiler:      Armcc.exe V5.06 update 6 (build 750)
Assembler:       Armasm.exe V5.06 update 6 (build 750)
Linker/Locator:  ArmLink.exe V5.06 update 6 (build 750)
Library Manager: ArmAr.exe V5.06 update 6 (build 750)
Hex Converter:   FromElf.exe V5.06 update 6 (build 750)
CPU DLL:         SARMCM3.DLL V5.35.0.2
Dialog DLL:      DCM.DLL V1.17.3.0
Target DLL:      STLink\ST-LINKIII-KEIL_SWO.dll V3.0.9.0
Dialog DLL:      TCM.DLL V1.53.0.0
 
<h2>Project:</h2>
C:\Users\WYP\Desktop\DESK_CLOCK\MY_project\F4_ESP_AT\mdk\stm32F407_template.uvprojx
Project File Date:  12/25/2025

<h2>Output:</h2>
*** Using Compiler 'V5.06 update 6 (build 750)', folder: 'D:\keil\core\ARM\ARMCC\Bin'
Build target 'stm32F4_Template'
compiling usart2_dma_at.c...
..\driver\usart2_dma_at.h(16): warning:  #1-D: last line of file ends without a newline
  #endif /* USART2_DMA_AT_H */
..\driver\usart2_dma_at.c(139): warning:  #1-D: last line of file ends without a newline
  //如果CPU处理缓冲区的速度太慢，导致下一帧数据传输完毕，但是上一帧还没有来得及处理，那么就会出现数据丢失
..\driver\usart2_dma_at.c: 2 warnings, 0 errors
linking...
Program Size: Code=4972 RO-data=424 RW-data=60 ZI-data=2860  
FromELF: creating hex file...
".\Objects\stm32F407_template.axf" - 0 Error(s), 2 Warning(s).

<h2>Software Packages used:</h2>

Package Vendor: Keil
                http://www.keil.com/pack/Keil.STM32F4xx_DFP.2.16.0.pack
                Keil.STM32F4xx_DFP.2.16.0
                STMicroelectronics STM32F4 Series Device Support, Drivers and Examples

<h2>Collection of Component include folders:</h2>
  D:\keil\pack\Keil\STM32F4xx_DFP\2.16.0\Drivers\CMSIS\Device\ST\STM32F4xx\Include

<h2>Collection of Component Files used:</h2>
Build Time Elapsed:  00:00:01
</pre>
</body>
</html>
